// Jest Snapshot v1, https://goo.gl/fbAQLP

exports[`CreateEditProject component should render correctly 1`] = `
<View
  style={
    Object {
      "backgroundColor": "#EBEDEF",
      "flex": 1,
    }
  }
>
  <Form
    onChange={[Function]}
    style={
      Object {
        "margin": 8,
      }
    }
  >
    <ErrorText
      text=""
    />
    <FormInput
      accessibilityLabel="Project Title"
      autoCapitalize="words"
      autoCorrect={false}
      autoFocus={true}
      isRequired={true}
      isRequiredError="Required."
      label="Title*"
      maxLength={50}
      name="name"
      onSubmitEditing={[Function]}
      returnKeyType="next"
      value=""
    />
    <FormInput
      accessibilityLabel="Project Description"
      autoCapitalize="sentences"
      autoCorrect={false}
      focusOffset={40}
      inputStyle={
        Object {
          "height": 100,
        }
      }
      isRequired={false}
      label="Description"
      multiline={true}
      name="description"
      onKeyPress={[Function]}
      returnKeyType="done"
      value=""
    />
    <KeyboardSpacer />
  </Form>
  <Button
    accessibilityLabel="Create Or Save Project Button"
    isLoading={false}
    onPress={[Function]}
    style={
      Object {
        "flex": 0,
        "marginTop": 8,
      }
    }
    text="Create Project"
    trackAction="build:app:newproject:create"
  />
</View>
`;
