// Jest Snapshot v1, https://goo.gl/fbAQLP

exports[`FacetList Container should render correctly 1`] = `
<View
  style={
    Object {
      "backgroundColor": "#FFFFFF",
      "flex": 1,
    }
  }
>
  <ScrollView
    accessibilityLabel="Facets"
    automaticallyAdjustContentInsets={false}
    onContentSizeChange={[Function]}
    onScroll={[Function]}
    scrollsToTop={true}
  />
  <View
    style={
      Array [
        Object {
          "bottom": 0,
          "left": 0,
          "right": 0,
        },
        Object {
          "height": 0,
        },
        undefined,
      ]
    }
  />
</View>
`;
