// Jest Snapshot v1, https://goo.gl/fbAQLP

exports[`LinkAccountScreen component should render correctly 1`] = `
<View
  style={
    Object {
      "backgroundColor": "#FFFFFF",
      "flex": 1,
    }
  }
>
  <View
    style={
      Array [
        Object {
          "backgroundColor": "#63666A",
          "height": 64,
          "shadowColor": "black",
        },
        Object {},
        undefined,
      ]
    }
  >
    <View
      style={
        Array [
          Object {
            "alignItems": "center",
            "flex": 1,
            "flexDirection": "row",
            "justifyContent": "space-around",
          },
          Object {
            "marginTop": 20,
          },
        ]
      }
    >
      <View
        style={
          Object {
            "alignItems": "flex-start",
            "flex": 1,
          }
        }
      >
        <TouchableOpacity
          accessibilityLabel="Left Nav Button"
          hitSlop={
            Object {
              "bottom": 14,
              "left": 14,
              "right": 14,
              "top": 14,
            }
          }
          onPress={[Function]}
          style={
            Object {
              "alignItems": "center",
              "flexDirection": "row",
              "justifyContent": "center",
              "minHeight": 44,
              "minWidth": 44,
            }
          }
        >
          <View />
          <Text
            color="white"
            lineHeight={false}
            style={
              Array [
                Object {
                  "color": "#FFFFFF",
                  "fontFamily": "ProximaNova-Regular",
                  "fontSize": 16,
                  "marginVertical": 8,
                  "textAlign": "center",
                },
                Object {
                  "paddingLeft": 8,
                },
                Object {},
                undefined,
              ]
            }
          >
            Cancel
          </Text>
        </TouchableOpacity>
      </View>
      <View
        style={
          Object {
            "alignItems": "center",
            "flex": 3,
          }
        }
      >
        <Text
          capitalize={undefined}
          color="white"
          lineHeight={false}
          numberOfLines={1}
          style={
            Array [
              Object {
                "fontFamily": "ProximaNova-Regular",
              },
              undefined,
            ]
          }
          textAlign="center"
          weight="bold"
        >
          Link Account
        </Text>
      </View>
      <View
        style={
          Object {
            "alignItems": "flex-end",
            "flex": 1,
            "paddingRight": 8,
          }
        }
      />
    </View>
  </View>
  <View
    style={
      Object {
        "margin": 8,
      }
    }
  >
    <Text
      style={
        Object {
          "color": "#63666A",
          "fontFamily": "ProximaNova-Regular",
        }
      }
    >
      Just sign in to your Build.com account and you are good to go!
    </Text>
    <View
      style={
        Object {
          "flexDirection": "row",
          "justifyContent": "space-around",
          "marginHorizontal": 50,
          "marginVertical": 24,
        }
      }
    >
      <View
        style={
          Object {
            "alignItems": "center",
            "width": 100,
          }
        }
      >
        <View
          style={
            Object {
              "backgroundColor": "#2C4388",
              "borderRadius": 3,
              "height": 40,
              "overflow": "hidden",
              "width": 40,
            }
          }
        >
          <Icon
            color="#FFFFFF"
            name="logo-facebook"
            size={42}
            style={
              Object {
                "bottom": -10,
                "position": "absolute",
                "right": 8,
              }
            }
          />
        </View>
      </View>
      <View
        style={
          Object {
            "alignItems": "center",
            "width": 100,
          }
        }
      >
        <Icon
          color="#63666A"
          name="ios-swap"
          size={40}
        />
      </View>
      <Image
        resizeMode="contain"
        source={1}
        style={
          Object {
            "height": 40,
            "width": 100,
          }
        }
      />
    </View>
    <View
      style={
        Object {
          "backgroundColor": "#FFFFFF",
          "borderColor": "#D0D3D4",
          "borderWidth": 1,
          "shadowColor": "#D0D3D4",
          "shadowOffset": Object {
            "height": 1,
            "width": 0,
          },
          "shadowOpacity": 0.6,
        }
      }
    >
      <TextInput
        autoCapitalize="none"
        autoCorrect={false}
        autoFocus={true}
        defaultValue={undefined}
        keyboardType="email-address"
        onChangeText={[Function]}
        placeholder="Email"
        style={
          Object {
            "backgroundColor": "#FFFFFF",
            "color": "#63666A",
            "fontFamily": "ProximaNova-Regular",
            "fontSize": 16,
            "height": 44,
            "paddingHorizontal": 16,
          }
        }
        underlineColorAndroid="transparent"
      />
      <View
        style={
          Object {
            "borderBottomColor": "#c8c7cc",
            "borderBottomWidth": 1,
          }
        }
      />
      <TextInput
        autoFocus={false}
        onChangeText={[Function]}
        placeholder="Password"
        secureTextEntry={true}
        style={
          Object {
            "backgroundColor": "#FFFFFF",
            "color": "#63666A",
            "fontFamily": "ProximaNova-Regular",
            "fontSize": 16,
            "height": 44,
            "paddingHorizontal": 16,
          }
        }
        underlineColorAndroid="transparent"
      />
    </View>
    <Button
      accessibilityLabel="Link Account"
      isLoading={false}
      onPress={[Function]}
      style={
        Object {
          "marginTop": 8,
        }
      }
      text="Link Account"
      trackAction="build:app:linkaccount:link"
    />
    <TouchableOpacity
      onPress={[Function]}
      style={
        Object {
          "marginTop": 24,
        }
      }
    >
      <Text
        style={
          Object {
            "color": "#00A499",
            "paddingVertical": 8,
            "textAlign": "center",
          }
        }
      >
        Forgot Password
      </Text>
    </TouchableOpacity>
  </View>
</View>
`;
