// Jest Snapshot v1, https://goo.gl/fbAQLP

exports[`ModelDetailPickerScreen component should render correctly 1`] = `
<View
  style={
    Object {
      "backgroundColor": "#FFFFFF",
      "flex": 1,
    }
  }
>
  <View
    style={
      Array [
        Object {
          "backgroundColor": "#63666A",
          "height": 64,
          "shadowColor": "black",
        },
        Object {},
        undefined,
      ]
    }
  >
    <View
      style={
        Array [
          Object {
            "alignItems": "center",
            "flex": 1,
            "flexDirection": "row",
            "justifyContent": "space-around",
          },
          Object {
            "marginTop": 20,
          },
        ]
      }
    >
      <View
        style={
          Object {
            "alignItems": "flex-start",
            "flex": 1,
          }
        }
      >
        <View
          accessibilityComponentType={undefined}
          accessibilityLabel="Left Nav Button"
          accessibilityTraits={undefined}
          accessible={true}
          hitSlop={
            Object {
              "bottom": 14,
              "left": 14,
              "right": 14,
              "top": 14,
            }
          }
          isTVSelectable={true}
          nativeID={undefined}
          onLayout={undefined}
          onResponderGrant={[Function]}
          onResponderMove={[Function]}
          onResponderRelease={[Function]}
          onResponderTerminate={[Function]}
          onResponderTerminationRequest={[Function]}
          onStartShouldSetResponder={[Function]}
          style={
            Object {
              "alignItems": "center",
              "flexDirection": "row",
              "justifyContent": "center",
              "minHeight": 44,
              "minWidth": 44,
              "opacity": 1,
            }
          }
          testID={undefined}
          tvParallaxProperties={undefined}
        >
          <Icon
            color="#FFFFFF"
            name="ios-arrow-back"
            style={
              Array [
                Object {
                  "fontSize": 28,
                },
                Object {},
              ]
            }
          />
          <Text
            color="white"
            lineHeight={false}
            style={
              Array [
                Object {
                  "color": "#FFFFFF",
                  "fontFamily": "ProximaNova-Regular",
                  "fontSize": 16,
                  "marginVertical": 8,
                  "textAlign": "center",
                },
                Object {
                  "paddingLeft": 8,
                },
                Object {},
                undefined,
              ]
            }
          />
        </View>
      </View>
      <View
        style={
          Object {
            "alignItems": "flex-end",
            "flex": 1,
            "paddingRight": 8,
          }
        }
      />
    </View>
  </View>
  <View
    style={
      Object {
        "backgroundColor": "#F2F2F2",
        "flexDirection": "row",
        "paddingHorizontal": 8,
        "paddingVertical": 16,
      }
    }
  >
    <Text>
      Select 
    </Text>
    <Text
      weight="bold"
    />
  </View>
  <View
    style={
      Object {
        "flex": 1,
        "width": 320,
      }
    }
  >
    <ListView
      contentOffset={
        Object {
          "x": 0,
        }
      }
      dataSource={
        Object {
          "_data": Array [
            <View
              onLayout={[Function]}
        >
              <ModelDetailPage
                    finish={undefined}
                    product={
                          Object {
                                "productDrop": Object {
                                  "finishes": Array [
                                    Object {},
                                  ],
                                },
                              }
                    }
                    productSpecs={Array []}
              />
        </View>,
          ],
          "getRowCount": [Function],
        }
      }
      enableEmptySections={true}
      horizontal={true}
      onLayout={[Function]}
      onMomentumScrollEnd={[Function]}
      pagingEnabled={true}
      renderRow={[Function]}
      scrollEnabled={undefined}
      showsHorizontalScrollIndicator={false}
      snapToInterval={1}
      style={
        Object {
          "flex": 1,
          "width": 320,
        }
      }
    >
      <View
        onLayout={[Function]}
      >
        <ScrollView
          enableEmptySections={true}
        >
          <View
            style={
              Object {
                "paddingHorizontal": 16,
                "width": 320,
              }
            }
          >
            <View
              style={
                Object {
                  "alignItems": "center",
                }
              }
            >
              <Image
                height={175}
                source="https://s3.img-b.com/image/upload/t_base,f_auto,dpr_2.0,c_lpad,w_175,h_175/404images/noimage.gif"
                width={175}
              />
            </View>
            <Text
              style={
                Object {
                  "marginTop": 16,
                }
              }
              weight="bold"
            >
               
               
               
            </Text>
            <Text
              color="primary"
              style={
                Object {
                  "marginTop": 8,
                }
              }
              weight="bold"
            />
          </View>
        </ScrollView>
      </View>
    </ListView>
  </View>
  <View>
    <Button
      accessibilityLabel="Choose Button"
      onPress={[Function]}
      text="Select"
      trackAction="build:app:relatedproduct:choosemodel"
    />
  </View>
</View>
`;
