// Jest Snapshot v1, https://goo.gl/fbAQLP

exports[`ReturnsScreen component should render an error 1`] = `
<View
  style={
    Object {
      "backgroundColor": "#EBEDEF",
      "flex": 1,
    }
  }
>
  <FlatList
    ListEmptyComponent={
      <Text
        textAlign="center"
      >
        There are no returns to display.
      </Text>
    }
    ListHeaderComponent={[Function]}
    data={Array []}
    keyExtractor={[Function]}
    renderItem={[Function]}
    style={
      Object {
        "backgroundColor": "#EBEDEF",
        "flex": 1,
        "paddingHorizontal": 8,
      }
    }
  />
</View>
`;

exports[`ReturnsScreen component should render correctly 1`] = `
<View
  style={
    Object {
      "backgroundColor": "#EBEDEF",
      "flex": 1,
    }
  }
>
  <FlatList
    ListEmptyComponent={
      <Text
        textAlign="center"
      >
        There are no returns to display.
      </Text>
    }
    ListHeaderComponent={[Function]}
    data={Array []}
    keyExtractor={[Function]}
    renderItem={[Function]}
    style={
      Object {
        "backgroundColor": "#EBEDEF",
        "flex": 1,
        "paddingHorizontal": 8,
      }
    }
  />
</View>
`;

exports[`ReturnsScreen functions renderHeader 1`] = `
<View
  style={
    Object {
      "flexDirection": "row",
      "justifyContent": "center",
      "paddingTop": 8,
    }
  }
>
  <TouchableOpacity
    onPress={[Function]}
  >
    <Text
      color="primary"
      size="small"
    >
      Call 
      (800) 482-8960
    </Text>
  </TouchableOpacity>
  <Text
    size="small"
  >
     to setup a return
  </Text>
</View>
`;

exports[`ReturnsScreen functions renderReturn 1`] = `
<OrderListItem
  details={
    Array [
      "Return #2",
      "Order #1",
      "$1.00",
      "01/01/2001",
    ]
  }
  image={
    Object {
      "uri": "http://s3.img-b.com/image/private/t_base,f_auto,dpr_2.0,c_lpad,w_75,h_75/product/test",
    }
  }
  onPress={[Function]}
  projectName={undefined}
  title={undefined}
/>
`;

exports[`ReturnsScreen functions setScreenTrackingInformation 1`] = `
Object {
  "name": "build:app:more:returns",
}
`;
