// Jest Snapshot v1, https://goo.gl/fbAQLP

exports[`The SingleEventScreen should render a LoadError 1`] = `
<View
  style={
    Array [
      Object {
        "backgroundColor": "transparent",
        "flex": 1,
      },
      Object {
        "alignItems": "center",
        "justifyContent": "center",
      },
    ]
  }
>
  <ActivityIndicator
    animating={true}
    color="#999999"
    hidesWhenStopped={true}
    size="small"
    style={
      Object {
        "alignItems": "center",
        "justifyContent": "center",
      }
    }
  />
</View>
`;

exports[`The SingleEventScreen should render a LoadingView 1`] = `
<View
  style={
    Array [
      Object {
        "backgroundColor": "transparent",
        "flex": 1,
      },
      Object {
        "alignItems": "center",
        "justifyContent": "center",
      },
    ]
  }
>
  <ActivityIndicator
    animating={true}
    color="#999999"
    hidesWhenStopped={true}
    size="small"
    style={
      Object {
        "alignItems": "center",
        "justifyContent": "center",
      }
    }
  />
</View>
`;

exports[`The SingleEventScreen should render with default props 1`] = `
<View
  style={
    Array [
      Object {
        "backgroundColor": "transparent",
        "flex": 1,
      },
      Object {
        "alignItems": "center",
        "justifyContent": "center",
      },
    ]
  }
>
  <ActivityIndicator
    animating={true}
    color="#999999"
    hidesWhenStopped={true}
    size="small"
    style={
      Object {
        "alignItems": "center",
        "justifyContent": "center",
      }
    }
  />
</View>
`;
