// Jest Snapshot v1, https://goo.gl/fbAQLP

exports[`NavigationBarIconTitle should render on Android 1`] = `
<View
  style={
    Object {
      "alignItems": "center",
      "flex": 1,
      "flexDirection": "row",
      "justifyContent": "flex-start",
      "marginTop": 6,
    }
  }
>
  <Icon
    color="#EBEDEF"
    name="lock"
    size={27}
    style={
      Object {
        "marginBottom": 8,
        "marginRight": 8,
      }
    }
  />
  <Text
    style={
      Array [
        Object {
          "fontFamily": "ProximaNova-Bold",
          "fontSize": 19,
          "fontWeight": "700",
        },
        Object {
          "color": "#EBEDEF",
        },
      ]
    }
  />
</View>
`;
