// Jest Snapshot v1, https://goo.gl/fbAQLP

exports[`NavigationBarTextButton should render on Android 1`] = `
<View
  accessibilityComponentType={undefined}
  accessibilityLabel={undefined}
  accessibilityTraits={undefined}
  accessible={true}
  hitSlop={undefined}
  isTVSelectable={true}
  nativeID={undefined}
  onLayout={undefined}
  onResponderGrant={[Function]}
  onResponderMove={[Function]}
  onResponderRelease={[Function]}
  onResponderTerminate={[Function]}
  onResponderTerminationRequest={[Function]}
  onStartShouldSetResponder={[Function]}
  style={
    Object {
      "marginTop": 9,
      "opacity": 1,
      "padding": 8,
    }
  }
  testID={undefined}
  tvParallaxProperties={undefined}
>
  <Text
    style={
      Array [
        Object {
          "color": "#FFFFFF",
        },
      ]
    }
  >
    Text
  </Text>
</View>
`;
