// Jest Snapshot v1, https://goo.gl/fbAQLP

exports[`CreateProjectScreen component should render correctly 1`] = `
<View
  style={
    Object {
      "paddingHorizontal": 8,
    }
  }
>
  <Text
    family="archer"
    size="large"
    weight="bold"
  >
    What are you working on?
  </Text>
  <Form
    onChange={[Function]}
    scrollsToTop={true}
  >
    <FormInput
      accessibilityLabel="Title"
      autoCapitalize="words"
      autoCorrect={false}
      autoFocus={true}
      isRequired={true}
      isRequiredError="Required."
      label="Title*"
      maxLength={50}
      name="name"
      returnKeyType="next"
      validateOnChange={true}
      value=""
    />
    <FormInput
      accessibilityLabel="Description"
      autoCapitalize="sentences"
      autoCorrect={false}
      inputStyle={
        Object {
          "height": 72,
        }
      }
      isRequired={false}
      label="Description"
      maxLength={256}
      multiline={true}
      name="description"
      valid={true}
      value=""
    />
  </Form>
</View>
`;

exports[`CreateProjectScreen functions handleChange 1`] = `
Object {
  "description": "test",
  "formValid": true,
  "name": "test",
}
`;

exports[`CreateProjectScreen functions setScreenTrackingInformation 1`] = `
Object {
  "name": "build:app:more:createproject",
}
`;
