// Jest Snapshot v1, https://goo.gl/fbAQLP

exports[`InviteTeammateScreen component should render correctly 1`] = `
<View
  style={
    Object {
      "backgroundColor": "#EBEDEF",
      "flex": 1,
    }
  }
>
  <ScrollView>
    <View
      style={
        Object {
          "height": 57,
          "justifyContent": "center",
          "padding": 16,
        }
      }
    >
      <Text
        color="secondary"
        size="small"
      >
        Who will you be working with on this project?
      </Text>
    </View>
    <View
      style={
        Object {
          "borderColor": "#D0D3D4",
          "borderTopWidth": 1,
        }
      }
    >
      <TappableListItem
        accessibilityLabel="Invite from Contacts"
        analyticsData={
          Object {
            "trackName": "build:app:inviteteammates:invitefromcontactstap",
          }
        }
        body="Invite from Contacts"
        icon={undefined}
        leadIcon={undefined}
        onPress={[Function]}
      />
    </View>
    <View
      style={
        Object {
          "backgroundColor": "#FFFFFF",
          "borderBottomWidth": 1,
          "borderColor": "#D0D3D4",
          "marginTop": 8,
          "paddingVertical": 16,
        }
      }
    >
      <InviteContactForm
        email=""
        onHandleChange={[Function]}
      />
    </View>
  </ScrollView>
  <KeyboardSpacer />
  <FixedBottomButton
    accessibilityLabel="Send Invitation"
    buttonText="Send Invitation"
    disabled={true}
    hideOnKeyboardShow={true}
    onPress={[Function]}
    trackAction="build:app:inviteteammates:sendinvitation"
  />
</View>
`;

exports[`InviteTeammateScreen function tests should return the screen tracking info 1`] = `
Object {
  "name": "build:app:invite",
}
`;
