// Jest Snapshot v1, https://goo.gl/fbAQLP

exports[`QuillUnorderedListItem should render 1`] = `
<Text
  accessible={true}
  allowFontScaling={true}
  disabled={false}
  ellipsizeMode="tail"
  style={
    Object {
      "color": undefined,
      "marginLeft": undefined,
    }
  }
>
  • 
</Text>
`;
