// Jest Snapshot v1, https://goo.gl/fbAQLP

exports[`utils expandBlots should flatten out blots with multiple new line characters 1`] = `
Array [
  Object {
    "insert": "test",
  },
  Object {
    "insert": "this is
",
  },
  Object {
    "insert": "a
",
  },
  Object {
    "insert": "
",
  },
  Object {
    "insert": "test",
  },
]
`;

exports[`utils splitIntoBlocks should handle 1`] = `
Array [
  Array [
    Object {
      "insert": "test",
    },
    Object {
      "insert": "this is
",
    },
  ],
  Array [
    Object {
      "insert": "a
",
    },
  ],
  Array [
    Object {
      "insert": "
",
    },
  ],
  Array [
    Object {
      "insert": "test",
    },
  ],
]
`;

exports[`utils splitIntoBlocks should split bolts into blocks 1`] = `
Array [
  Array [
    Object {
      "insert": "test",
    },
    Object {
      "insert": "this is
",
    },
  ],
  Array [
    Object {
      "insert": "a
",
    },
  ],
  Array [
    Object {
      "insert": "
",
    },
  ],
]
`;
