// Jest Snapshot v1, https://goo.gl/fbAQLP

exports[`ShippingMethodSelection component should render with default props 1`] = `
<OptionSelectButton
  accessibilityLabel="Select Shipping Method Button"
  boldText=""
  errorMessage="Please finish filling in your information before submitting your order."
  hasError={false}
  hideIcon={false}
  isConfigured={false}
  isDisabled={false}
  isSelected={false}
  onPress={[Function]}
  style={
    Object {
      "marginHorizontal": 8,
    }
  }
  text="Select a shipping method"
>
  <ShippingMethod
    shippingMethod={
      Object {
        "customerAvailable": true,
        "leadTime": null,
        "shippingCost": 0,
        "shippingName": "Standard Delivery (5 - 7 Business Days)",
        "shippingOption": "Standard Delivery",
        "shippingOptionId": 12,
      }
    }
  />
</OptionSelectButton>
`;
