// Jest Snapshot v1, https://goo.gl/fbAQLP

exports[`router should return routes 1`] = `
Object {
  "about": [Function],
  "accountDetails": [Function],
  "addPhoto": [Function],
  "addToProjectModal": [Function],
  "addToProjectUpsell": [Function],
  "addressScreen": [Function],
  "camera": [Function],
  "cartDeliverySummary": [Function],
  "cartScreen": [Function],
  "category": [Function],
  "changePassword": [Function],
  "checkoutApplePay": [Function],
  "checkoutConfirmation": [Function],
  "checkoutCreditCard": [Function],
  "checkoutPayPal": [Function],
  "contactInfo": [Function],
  "content": [Function],
  "contentHome": [Function],
  "contentTest": [Function],
  "createProjectScreen": [Function],
  "creditCardScreen": [Function],
  "customerImpersonator": [Function],
  "datePicker": [Function],
  "devOptionsScreen": [Function],
  "deviceCameraModal": [Function],
  "dummyScreen": [Function],
  "editAccountDetails": [Function],
  "editProject": [Function],
  "email": [Function],
  "experts": [Function],
  "facetSelection": [Function],
  "faqDetail": [Function],
  "favorites": [Function],
  "favoritesList": [Function],
  "featureSwitches": [Function],
  "feed": [Function],
  "forgotPassword": [Function],
  "help": [Function],
  "home": [Function],
  "introScreen": [Function],
  "inviteTeammate": [Function],
  "largeImageGalleryScreen": [Function],
  "linkAccount": [Function],
  "listSelector": [Function],
  "listsOverviewScreen": [Function],
  "loginModal": [Function],
  "lookback": [Function],
  "main": [Function],
  "managePeople": [Function],
  "modelDetailPickerScreen": [Function],
  "more": [Function],
  "newAddress": [Function],
  "newProject": [Function],
  "notifications": [Function],
  "orderDetails": [Function],
  "orderTracking": [Function],
  "orders": [Function],
  "paymentCreditCard": [Function],
  "paymentMethod": [Function],
  "paymentPayPal": [Function],
  "proRegistration": [Function],
  "proRegistrationSuccess": [Function],
  "productAnswer": [Function],
  "productAttachmentDetail": [Function],
  "productAttachments": [Function],
  "productCustomizationScreen": [Function],
  "productDescription": [Function],
  "productDetail": [Function],
  "productDetailLargeImageGallery": [Function],
  "productDrops": [Function],
  "productEdit": [Function],
  "productPricedOptions": [Function],
  "productQAndA": [Function],
  "productReviews": [Function],
  "productSpecifications": [Function],
  "productUpsell": [Function],
  "productVariations": [Function],
  "productVideos": [Function],
  "profile": [Function],
  "projectDetails": [Function],
  "projectDetailsSettings": [Function],
  "projectEditSettings": [Function],
  "projectSettings": [Function],
  "projectUpdate": [Function],
  "projects": [Function],
  "projectsV2": [Function],
  "pushNotificationSettings": [Function],
  "quoteScreen": [Function],
  "reduxStore": [Function],
  "returnDetails": [Function],
  "returns": [Function],
  "reviewSubmitReturn": [Function],
  "selectItemsForReturn": [Function],
  "selectPhotoModal": [Function],
  "selectShippingMethodForReturn": [Function],
  "sendInvites": [Function],
  "shippingMethod": [Function],
  "singleEvent": [Function],
  "upsellFinishSelection": [Function],
  "video": [Function],
}
`;
