// Jest Snapshot v1, https://goo.gl/fbAQLP

exports[`ProductTitle component should render correctly 1`] = `
<View
  style={
    Array [
      Object {
        "paddingHorizontal": 8,
        "paddingVertical": 16,
      },
      Object {},
    ]
  }
>
  <View
    style={
      Object {
        "flex": 1,
        "flexDirection": "row",
        "marginBottom": 8,
      }
    }
  >
    <View
      accessibilityLabel="Product Title"
      style={
        Array [
          Object {
            "flexGrow": 1,
          },
          Object {
            "flex": 1,
          },
        ]
      }
    >
      <Text
        family="archer"
        size="larger"
        style={
          Object {
            "flexWrap": "wrap",
          }
        }
        weight="bold"
      >
         
      </Text>
      <Text
        color="greyDark"
        selectable={true}
        size="small"
      >
        Item # bci
      </Text>
    </View>
  </View>
</View>
`;
