// Jest Snapshot v1, https://goo.gl/fbAQLP

exports[`ProductConfigurationButton should render with full props 1`] = `
<TouchableOpacity
  activeOpacity={0.2}
  focusedOpacity={0.7}
  onPress={[Function]}
  style={
    Object {
      "backgroundColor": "#FFFFFF",
      "borderColor": "#D0D3D4",
      "borderWidth": 1,
      "marginHorizontal": 8,
      "marginTop": 8,
      "padding": 8,
    }
  }
>
  <View
    style={
      Object {
        "alignItems": "center",
        "flexDirection": "row",
      }
    }
  >
    <Text
      style={
        Object {
          "flex": 1,
        }
      }
    >
      label
    </Text>
    <Icon
      color="#D0D3D4"
      name="ios-arrow-forward"
      size={28}
    />
  </View>
  <View
    style={
      Object {
        "backgroundColor": "#D0D3D4",
        "height": 1,
        "marginVertical": 8,
      }
    }
  />
  <Text>
    name 1
    : 
    <Text
      weight="bold"
    >
      value 1
    </Text>
  </Text>
  <Text>
    name 2
    : 
    <Text
      weight="bold"
    >
      value 2
    </Text>
  </Text>
</TouchableOpacity>
`;
