// Jest Snapshot v1, https://goo.gl/fbAQLP

exports[`ProductPricedOptionButtons should mapDispatchToProps 1`] = `
Object {
  "actions": Object {
    "setProductConfigurationPricedOption": [Function],
  },
}
`;

exports[`ProductPricedOptionButtons should mapStateToProps 1`] = `
Object {
  "compositeId": 1234,
  "pricedOptionGroups": Array [],
  "selectedPricedOptions": Array [],
}
`;

exports[`ProductPricedOptionButtons should render nothing with no priced option groups 1`] = `null`;

exports[`ProductPricedOptionButtons should render with full props 1`] = `
<ProductConfigurationButton
  label="Configure"
  onPress={[Function]}
  options={
    Array [
      Object {
        "name": "name",
        "value": "value",
      },
      Object {
        "name": "default selection name",
        "value": "",
      },
    ]
  }
/>
`;
