// Jest Snapshot v1, https://goo.gl/fbAQLP

exports[`RatingsButton should render null with no reviewRatings 1`] = `null`;

exports[`RatingsButton should render with full props 1`] = `
<TappableListItem
  accessibilityLabel="Reviews Button"
  onPress={[Function]}
  title={
    <View
      style={
        Array [
          Object {
            "alignItems": "center",
            "flexDirection": "row",
          },
          Object {
            "justifyContent": "space-between",
          },
          Object {
            "alignItems": "center",
          },
        ]
      }
    >
      <Text
        style={
          Object {
            "color": "#63666A",
            "flex": 1,
            "fontFamily": "ProximaNova-Regular",
            "fontSize": 16,
          }
        }
      >
        Reviews
      </Text>
      <View
        style={
          Object {
            "alignItems": "center",
            "flexDirection": "row",
          }
        }
      >
        <StarRating
          disabled={true}
          emptyStar="ios-star-outline"
          fullStar="ios-star"
          halfStar="ios-star-half"
          iconSet="Ionicons"
          maxStars={5}
          rating={0}
          selectedStar={undefined}
          starColor="#D45D00"
          starSize={14}
        />
        <Text
          lineHeight="small"
          size="small"
          style={
            Object {
              "paddingLeft": 8,
            }
          }
        >
          (
          23
          )
        </Text>
      </View>
    </View>
  }
/>
`;
