// Jest Snapshot v1, https://goo.gl/fbAQLP

exports[`ProductList component should render correctly 1`] = `
<View
  style={
    Object {
      "alignItems": "flex-start",
      "flex": 1,
      "flexDirection": "row",
      "flexWrap": "wrap",
      "justifyContent": "space-between",
    }
  }
/>
`;
