// Jest Snapshot v1, https://goo.gl/fbAQLP

exports[`Team Expert Event component should render correctly 1`] = `
<View
  style={
    Object {
      "backgroundColor": "#FFFFFF",
      "marginBottom": 8,
      "marginLeft": 8,
      "marginRight": 8,
      "shadowColor": "black",
      "shadowOffset": Object {
        "height": 1,
        "width": 0,
      },
      "shadowOpacity": 0.1,
      "shadowRadius": 3,
    }
  }
>
  <View
    style={
      Array [
        Object {
          "flex": 1,
          "flexDirection": "row",
        },
        Object {
          "padding": 16,
        },
      ]
    }
  >
    <View>
      <Avatar
        firstName={undefined}
        fullName={undefined}
        lastName={undefined}
        url={undefined}
      />
    </View>
    <View
      style={
        Object {
          "alignSelf": "center",
          "flex": 1,
          "paddingLeft": 8,
        }
      }
    >
      <Text
        accessible={true}
        allowFontScaling={true}
        disabled={false}
        ellipsizeMode="tail"
        style={
          Object {
            "color": "#353535",
            "flex": 1,
            "fontFamily": "ProximaNova-Bold",
            "fontWeight": "700",
          }
        }
      >
        @BuildExpert
      </Text>
      <Text
        accessible={true}
        allowFontScaling={true}
        disabled={false}
        ellipsizeMode="tail"
        style={
          Object {
            "color": "#909090",
            "fontFamily": "ProximaNova-Bold",
            "fontWeight": "700",
          }
        }
      >
         joined the project
      </Text>
    </View>
  </View>
  <Comments
    comments={undefined}
    eventId={1}
    eventStoreType="eventStoreType"
  />
</View>
`;
