// Jest Snapshot v1, https://goo.gl/fbAQLP

exports[`AtomList component should render correctly 1`] = `
<ListView
  dataSource={
    Object {
      "_data": Array [
        Object {},
        Object {},
      ],
      "getRowCount": [Function],
    }
  }
  enableEmptySections={true}
  renderRow={[Function]}
  style={undefined}
>
  <AtomComponent />
  <AtomComponent />
</ListView>
`;
