// Jest Snapshot v1, https://goo.gl/fbAQLP

exports[`ContentAuthor component should render correctly 1`] = `null`;

exports[`ContentAuthor component should render correctly guest_author 1`] = `
<AtomComponent
  0="f"
  1="u"
  2="l"
  3="l"
  4="_"
  5="n"
  6="a"
  7="m"
  8="e"
  color="white"
  size="small"
  style={undefined}
/>
`;

exports[`ContentAuthor component should render correctly profile Includes 1`] = `
<TouchableOpacity
  onPress={[Function]}
  style={
    Array [
      Object {
        "alignItems": "center",
        "flexDirection": "row",
      },
      undefined,
    ]
  }
  trackAction="build:app:article:authortap"
>
  <Image
    height={60}
    source="https://s3.img-b.com/image/upload/w_60,h_60,c_fill,dpr_2.0,g_face,r_max/v1/mediabase/build_profiles/1/profile/1.png"
    width={60}
  />
  <View
    style={
      Object {
        "padding": 8,
      }
    }
  >
    <Text
      color="white"
      family="archer"
      weight="bold"
    >
      fullName
    </Text>
    <Text
      color="white"
    >
      title
    </Text>
  </View>
</TouchableOpacity>
`;
