// Jest Snapshot v1, https://goo.gl/fbAQLP

exports[`EditorialSection component should render correctly 1`] = `
<View
  style={
    Object {
      "paddingTop": 8,
    }
  }
>
  <AtomComponent
    family="archer"
    size="larger"
    style={
      Array [
        Object {
          "paddingHorizontal": 8,
        },
        Object {
          "paddingTop": 8,
        },
      ]
    }
    weight="bold"
  />
  <AtomComponent
    listItemProps={
      Object {
        "contentItemId": undefined,
        "group": undefined,
      }
    }
  />
</View>
`;
