// Jest Snapshot v1, https://goo.gl/fbAQLP

exports[`Article template should render correctly 1`] = `
<ParallaxScrollView
  backgroundColor="#FFFFFF"
  contentBackgroundColor="#EBEDEF"
  parallaxHeaderHeight={350}
  renderBackground={[Function]}
  renderFixedHeader={[Function]}
  renderForeground={[Function]}
  renderStickyHeader={[Function]}
  scrollingStickyheader={false}
  stickyHeaderHeight={undefined}
>
  <View
    style={
      Array [
        Object {
          "backgroundColor": "#FFFFFF",
          "flex": 1,
        },
        Object {
          "paddingBottom": 8,
        },
      ]
    }
  />
</ParallaxScrollView>
`;
