// Jest Snapshot v1, https://goo.gl/fbAQLP

exports[`Deal component should render correctly 1`] = `
<View
  style={
    Object {
      "flex": 1,
    }
  }
>
  <NavigationBar
    light={true}
    showBackButton={true}
    title={
      Object {
        "text": undefined,
      }
    }
  />
  <TabbedPager
    initialPage={0}
    tabs={Array []}
  />
</View>
`;
