// Jest Snapshot v1, https://goo.gl/fbAQLP

exports[`ProductEditScreen functions setScreenTrackingInformation 1`] = `
Object {
  "name": "build:app:more:projects:productedit",
}
`;

exports[`ProductEditScreen functions should mapDispatchToProps 1`] = `
Object {
  "actions": Object {
    "addItemToShoppingList": undefined,
    "addItemsToCartFromProject": undefined,
    "getProjects": undefined,
    "getShoppingLists": undefined,
    "showAlert": undefined,
    "trackAction": undefined,
  },
}
`;

exports[`ProductEditScreen should render 1`] = `
<View
  style={
    Object {
      "backgroundColor": "#FFFFFF",
      "flex": 1,
    }
  }
>
  <ScrollView
    keyboardShouldPersistTaps="always"
    style={Object {}}
  >
    <View
      style={
        Object {
          "paddingHorizontal": 8,
        }
      }
    >
      <TouchableOpacity
        onPress={[Function]}
        trackAction="build:app:projects:details:shoppinglist:edititem:navigatetoproduct"
        trackContextData={
          Object {
            "isPurchased": false,
            "leadTimeText": "Lead Time",
            "product": Object {
              "displayName": "Display Name",
              "freeShipping": "Y",
              "image": "image",
              "manufacturer": "manufacturer",
              "productTitle": "Product Title",
              "stockCount": 1,
            },
            "quantityPurchased": 0,
            "quantityUnpurchased": 0,
            "unitPrice": 1,
          }
        }
      >
        <View
          style={
            Object {
              "alignItems": "center",
              "flexDirection": "row",
              "marginTop": 8,
            }
          }
        >
          <Image
            height={75}
            source={
              Object {
                "uri": "http://s3.img-b.com/image/private/t_base,f_auto,dpr_2.0,c_lpad,w_75,h_75/product/manufacturer/image",
              }
            }
            style={
              Object {
                "marginRight": 8,
              }
            }
            width={75}
          />
          <View
            style={
              Object {
                "flex": 1,
              }
            }
          >
            <View
              style={
                Object {
                  "alignItems": "center",
                  "flexDirection": "row",
                }
              }
            >
              <Text
                color="primary"
                size="large"
                weight="bold"
              >
                Display Name
              </Text>
              <Icon
                color="#00A499"
                name="ios-arrow-forward"
                size={25}
                style={
                  Object {
                    "marginLeft": 8,
                  }
                }
              />
            </View>
            <Text
              numberOfLines={3}
            >
              Product Title
            </Text>
          </View>
        </View>
      </TouchableOpacity>
      <View
        style={
          Object {
            "alignItems": "center",
            "flexDirection": "row",
            "justifyContent": "space-between",
            "marginTop": 8,
          }
        }
      >
        <Text
          color="primary"
          weight="bold"
        >
          $0.00
        </Text>
        <Text
          color="greyDark"
        >
          $1.00
           ea.
        </Text>
        <View
          style={
            Array [
              Object {
                "flexDirection": "row",
              },
              Object {
                "alignItems": "center",
              },
            ]
          }
        >
          <StarRating
            disabled={true}
            emptyStar="ios-star-outline"
            fullStar="ios-star"
            halfStar="ios-star-half"
            iconSet="Ionicons"
            maxStars={5}
            rating={3}
            selectedStar={[Function]}
            starColor="#D45D00"
            starSize={14}
          />
          <Text
            size="small"
          >
            (
            1
            )
          </Text>
        </View>
      </View>
      <Text
        style={
          Object {
            "marginBottom": 8,
            "marginTop": 16,
          }
        }
      >
        Lead Time
        . 
        1
         In-Stock.
         
        Ships FREE!
      </Text>
    </View>
    <ExpandCollapseContainer
      header={
        <Text
          size="large"
          weight="bold"
        >
          Configuration
        </Text>
      }
      headerWrapperStyle={
        Object {
          "borderLeftWidth": 0,
          "borderRightWidth": 0,
        }
      }
      isVisible={true}
      style={
        Object {
          "backgroundColor": "#FFFFFF",
        }
      }
    >
      <View
        style={
          Object {
            "marginBottom": 8,
            "marginLeft": 16,
          }
        }
      >
        <View
          style={
            Object {
              "flexDirection": "row",
            }
          }
        >
          <Text>
            •
          </Text>
          <Text
            style={
              Object {
                "marginLeft": 8,
              }
            }
          >
            Color/Finish: undefined
          </Text>
        </View>
      </View>
    </ExpandCollapseContainer>
    <Button
      accessibilityLabel="Copy to Project"
      color="white"
      onPress={[Function]}
      style={
        Object {
          "margin": 8,
        }
      }
      text="Copy to Project"
      textColor="secondary"
      trackAction="build:app:projects:details:shoppinglist:edititem:copytoproject"
      trackContextData={
        Object {
          "cost": undefined,
          "finish": undefined,
          "manufacturer": "manufacturer",
          "productId": undefined,
          "quantity": undefined,
          "sku": undefined,
          "uniqueId": undefined,
        }
      }
    />
  </ScrollView>
  <View
    style={
      Object {
        "flexDirection": "row",
      }
    }
  >
    <AnimatedView />
    <TouchableHighlight
      accessibilityLabel="Add To Cart Button"
      onPress={[Function]}
      style={
        Array [
          Object {
            "alignItems": "center",
            "backgroundColor": "#00A499",
            "height": 44,
            "justifyContent": "center",
          },
          Object {
            "flex": 1,
          },
        ]
      }
      underlayColor="#018F85"
    >
      <View>
        <AnimatedView />
      </View>
    </TouchableHighlight>
  </View>
  <KeyboardSpacer
    topSpacing={48}
  />
</View>
`;
