// Jest Snapshot v1, https://goo.gl/fbAQLP

exports[`AddToProjectRow component should render AddToProjectRow with required props 1`] = `
<View>
  <View
    accessibilityComponentType={undefined}
    accessibilityLabel={undefined}
    accessibilityTraits={undefined}
    accessible={true}
    hitSlop={undefined}
    isTVSelectable={true}
    nativeID={undefined}
    onLayout={undefined}
    onResponderGrant={[Function]}
    onResponderMove={[Function]}
    onResponderRelease={[Function]}
    onResponderTerminate={[Function]}
    onResponderTerminationRequest={[Function]}
    onStartShouldSetResponder={[Function]}
    style={
      Object {
        "opacity": 1,
      }
    }
    testID={undefined}
    tvParallaxProperties={undefined}
  >
    <View
      style={
        Array [
          Object {
            "height": 42,
            "paddingHorizontal": 16,
          },
          Object {
            "alignItems": "center",
            "flexDirection": "row",
            "justifyContent": "space-between",
          },
        ]
      }
    >
      <Text
        color="secondary"
        size="small"
      />
      <View
        style={
          Object {
            "alignItems": "center",
            "flexDirection": "row",
            "justifyContent": "space-between",
          }
        }
      >
        <View
          style={
            Object {
              "marginHorizontal": 6,
            }
          }
        />
      </View>
    </View>
  </View>
</View>
`;
