// Jest Snapshot v1, https://goo.gl/fbAQLP

exports[`AddToCartButton component should render correctly 1`] = `
<View
  accessibilityComponentType={undefined}
  accessibilityLabel="Add To Cart Button"
  accessibilityTraits={undefined}
  accessible={true}
  hasTVPreferredFocus={undefined}
  hitSlop={undefined}
  isTVSelectable={true}
  nativeID={undefined}
  onLayout={undefined}
  onResponderGrant={[Function]}
  onResponderMove={[Function]}
  onResponderRelease={[Function]}
  onResponderTerminate={[Function]}
  onResponderTerminationRequest={[Function]}
  onStartShouldSetResponder={[Function]}
  style={
    Array [
      Object {
        "backgroundColor": "transparent",
      },
      Array [
        Object {
          "alignItems": "center",
          "backgroundColor": "#00A499",
          "height": 44,
          "justifyContent": "center",
        },
        undefined,
      ],
    ]
  }
  testID={undefined}
  tvParallaxProperties={undefined}
>
  <View>
    <View
      style={
        Object {
          "opacity": 1,
        }
      }
    >
      <View
        style={
          Object {
            "alignItems": "center",
            "flexDirection": "row",
            "justifyContent": "center",
          }
        }
      >
        <Text
          color="white"
          style={
            Array [
              Object {
                "color": "#fff",
                "fontFamily": "ProximaNova-Bold",
                "fontSize": 16,
                "marginHorizontal": 8,
                "textAlign": "center",
              },
            ]
          }
        />
      </View>
    </View>
  </View>
</View>
`;

exports[`AddToCartButton component should render correctly with button disabled 1`] = `
<View
  accessibilityComponentType={undefined}
  accessibilityLabel="Add To Cart Button"
  accessibilityTraits={undefined}
  accessible={true}
  hasTVPreferredFocus={undefined}
  hitSlop={undefined}
  isTVSelectable={true}
  nativeID={undefined}
  onLayout={undefined}
  onResponderGrant={[Function]}
  onResponderMove={[Function]}
  onResponderRelease={[Function]}
  onResponderTerminate={[Function]}
  onResponderTerminationRequest={[Function]}
  onStartShouldSetResponder={[Function]}
  style={
    Array [
      Object {
        "backgroundColor": "transparent",
      },
      Array [
        Object {
          "alignItems": "center",
          "backgroundColor": "#00A499",
          "height": 44,
          "justifyContent": "center",
        },
        undefined,
      ],
    ]
  }
  testID={undefined}
  tvParallaxProperties={undefined}
>
  <View>
    <View
      style={
        Object {
          "opacity": 1,
        }
      }
    >
      <View
        style={
          Object {
            "alignItems": "center",
            "flexDirection": "row",
            "justifyContent": "center",
          }
        }
      >
        <Text
          color="white"
          style={
            Array [
              Object {
                "color": "#fff",
                "fontFamily": "ProximaNova-Bold",
                "fontSize": 16,
                "marginHorizontal": 8,
                "textAlign": "center",
              },
            ]
          }
        />
      </View>
    </View>
  </View>
</View>
`;
