// Jest Snapshot v1, https://goo.gl/fbAQLP

exports[`CheckBox component should render correctly 1`] = `
<View
  accessibilityComponentType={undefined}
  accessibilityLabel={undefined}
  accessibilityTraits={undefined}
  accessible={true}
  hitSlop={undefined}
  isTVSelectable={true}
  nativeID={undefined}
  onLayout={undefined}
  onResponderGrant={[Function]}
  onResponderMove={[Function]}
  onResponderRelease={[Function]}
  onResponderTerminate={[Function]}
  onResponderTerminationRequest={[Function]}
  onStartShouldSetResponder={[Function]}
  style={
    Object {
      "opacity": 1,
      "paddingVertical": 16,
    }
  }
  testID={undefined}
  tvParallaxProperties={undefined}
>
  <View
    style={
      Object {
        "alignItems": "center",
        "flexDirection": "row",
        "flexShrink": 1,
      }
    }
  >
    <View
      style={
        Array [
          Object {
            "alignItems": "center",
            "backgroundColor": "#FFFFFF",
            "borderColor": "#D0D3D4",
            "borderWidth": 1,
            "flexDirection": "column",
            "height": 20,
            "justifyContent": "center",
            "marginLeft": 8,
            "marginRight": 16,
            "width": 20,
          },
          null,
        ]
      }
    >
      <Icon
        color="#FFFFFF"
        name="md-checkmark"
        size={20}
        style={
          Object {
            "backgroundColor": "transparent",
          }
        }
      />
    </View>
    <Text
      style={
        Object {
          "flexGrow": 1,
        }
      }
    >
      
    </Text>
  </View>
</View>
`;
