// Jest Snapshot v1, https://goo.gl/fbAQLP

exports[`FavoritesRowActions component should render correctly 1`] = `
<View
  style={
    Object {
      "flex": 1,
      "flexDirection": "row",
      "justifyContent": "flex-end",
    }
  }
>
  <View
    style={
      Object {
        "flexDirection": "row",
        "width": 210,
      }
    }
  >
    <View
      accessibilityComponentType={undefined}
      accessibilityLabel="Change Finish"
      accessibilityTraits={undefined}
      accessible={true}
      hitSlop={undefined}
      isTVSelectable={true}
      nativeID={undefined}
      onLayout={undefined}
      onResponderGrant={[Function]}
      onResponderMove={[Function]}
      onResponderRelease={[Function]}
      onResponderTerminate={[Function]}
      onResponderTerminationRequest={[Function]}
      onStartShouldSetResponder={[Function]}
      style={
        Object {
          "alignItems": "center",
          "backgroundColor": "#00A499",
          "flex": 1,
          "justifyContent": "center",
          "opacity": 1,
        }
      }
      testID={undefined}
      tvParallaxProperties={undefined}
    >
      <Icon
        color="#FFFFFF"
        name="ios-create"
        size={30}
      />
      <Text
        color="white"
        textAlign="center"
      >
        Change Finish
      </Text>
    </View>
    <View
      accessibilityComponentType={undefined}
      accessibilityLabel="Move Or Copy"
      accessibilityTraits={undefined}
      accessible={true}
      hitSlop={undefined}
      isTVSelectable={true}
      nativeID={undefined}
      onLayout={undefined}
      onResponderGrant={[Function]}
      onResponderMove={[Function]}
      onResponderRelease={[Function]}
      onResponderTerminate={[Function]}
      onResponderTerminationRequest={[Function]}
      onStartShouldSetResponder={[Function]}
      style={
        Object {
          "alignItems": "center",
          "backgroundColor": "#D45D00",
          "flex": 1,
          "justifyContent": "center",
          "opacity": 1,
        }
      }
      testID={undefined}
      tvParallaxProperties={undefined}
    >
      <Icon
        color="#FFFFFF"
        name="ios-move"
        size={30}
      />
      <Text
        color="white"
        textAlign="center"
      >
        Move or Copy
      </Text>
    </View>
    <View
      accessibilityComponentType={undefined}
      accessibilityLabel="Remove Product"
      accessibilityTraits={undefined}
      accessible={true}
      hitSlop={undefined}
      isTVSelectable={true}
      nativeID={undefined}
      onLayout={undefined}
      onResponderGrant={[Function]}
      onResponderMove={[Function]}
      onResponderRelease={[Function]}
      onResponderTerminate={[Function]}
      onResponderTerminationRequest={[Function]}
      onStartShouldSetResponder={[Function]}
      style={
        Object {
          "alignItems": "center",
          "backgroundColor": "#A94442",
          "flex": 1,
          "justifyContent": "center",
          "opacity": 1,
        }
      }
      testID={undefined}
      tvParallaxProperties={undefined}
    >
      <Icon
        color="#FFFFFF"
        name="ios-trash"
        size={30}
      />
      <Text
        color="white"
        textAlign="center"
      >
        Remove
        
        
      </Text>
    </View>
  </View>
</View>
`;
