// Jest Snapshot v1, https://goo.gl/fbAQLP

exports[`FormInput component should render correctly 1`] = `
<View
  style={
    Array [
      undefined,
      null,
    ]
  }
>
  <Text
    style={
      Object {
        "height": 0,
      }
    }
    weight="bold"
  >
    
  </Text>
  <View
    style={null}
  >
    <View
      style={
        Array [
          Object {
            "borderColor": "#D0D3D4",
            "borderWidth": 1,
            "marginVertical": 8,
            "paddingHorizontal": 16,
          },
          "",
          "",
          Object {
            "backgroundColor": "#FFFFFF",
          },
          Object {},
        ]
      }
    >
      <TextInput
        accessibilityLabel={undefined}
        accessible={true}
        autoCapitalize="sentences"
        autoCorrect={true}
        hideErrorText={false}
        inlineLabel={false}
        isRequired={false}
        isRequiredError="This field is required."
        keyboardType="default"
        label=""
        lines={1}
        multiline={false}
        onBlur={[Function]}
        onChange={[Function]}
        onFocus={[Function]}
        onSubmitEditing={[Function]}
        placeholder=""
        returnKeyType="next"
        scrollToOnAndroid={false}
        scrollToOnFocus={true}
        secureTextEntry={false}
        style={
          Array [
            Object {
              "color": "#63666A",
              "fontFamily": "ProximaNova-Regular",
              "fontSize": 16,
              "lineHeight": 21,
            },
            Object {
              "backgroundColor": "#FFFFFF",
            },
            Object {
              "height": 44,
            },
            undefined,
            "",
          ]
        }
        testID="TestFormInput"
        textInputContainerStyle={Object {}}
        underlineColorAndroid="transparent"
        validateOnBlur={true}
        validateOnChange={false}
      />
    </View>
  </View>
</View>
`;
