// Jest Snapshot v1, https://goo.gl/fbAQLP

exports[`Tutorial component should render Tutorail when isLoggedIn is true 1`] = `
<View
  accessibilityComponentType={undefined}
  accessibilityLabel={undefined}
  accessibilityTraits={undefined}
  accessible={true}
  hitSlop={undefined}
  nativeID={undefined}
  onLayout={undefined}
  onResponderGrant={[Function]}
  onResponderMove={[Function]}
  onResponderRelease={[Function]}
  onResponderTerminate={[Function]}
  onResponderTerminationRequest={[Function]}
  onStartShouldSetResponder={[Function]}
  style={
    Object {
      "flex": 1,
      "position": "relative",
    }
  }
  testID={undefined}
>
  <View
    accessibilityComponentType={undefined}
    accessibilityLabel={undefined}
    accessibilityTraits={undefined}
    accessible={true}
    hitSlop={undefined}
    nativeID={undefined}
    onLayout={undefined}
    onResponderGrant={[Function]}
    onResponderMove={[Function]}
    onResponderRelease={[Function]}
    onResponderTerminate={[Function]}
    onResponderTerminationRequest={[Function]}
    onStartShouldSetResponder={[Function]}
    style={
      Object {
        "alignItems": "center",
        "alignSelf": "flex-end",
        "flexDirection": "row",
        "marginRight": 16,
        "paddingTop": 32,
      }
    }
    testID={undefined}
  >
    <Text
      color="white"
      lineHeight={false}
    >
      Skip 
    </Text>
    <Icon
      color="white"
      name="ios-arrow-forward"
      size={18}
    />
  </View>
  <Text
    color="white"
    lineHeight={false}
    style={
      Object {
        "bottom": -1000,
        "left": 0,
        "position": "absolute",
      }
    }
    textAlign="left"
    weight="bold"
  >
    Shop the entire Build catalog
  </Text>
  <Image
    source={1}
    style={
      Object {
        "bottom": -1000,
        "left": 0,
        "position": "absolute",
      }
    }
  />
  <Text
    color="white"
    lineHeight={false}
    style={
      Object {
        "bottom": -1000,
        "left": 0,
        "position": "absolute",
      }
    }
    textAlign="right"
    weight="bold"
  >
    View your items in the cart and checkout with ease
  </Text>
  <Image
    source={1}
    style={
      Object {
        "bottom": -1000,
        "left": 0,
        "position": "absolute",
      }
    }
  />
</View>
`;

exports[`Tutorial component should render Tutorial with only required props 1`] = `
<View
  accessibilityComponentType={undefined}
  accessibilityLabel={undefined}
  accessibilityTraits={undefined}
  accessible={true}
  hitSlop={undefined}
  nativeID={undefined}
  onLayout={undefined}
  onResponderGrant={[Function]}
  onResponderMove={[Function]}
  onResponderRelease={[Function]}
  onResponderTerminate={[Function]}
  onResponderTerminationRequest={[Function]}
  onStartShouldSetResponder={[Function]}
  style={
    Object {
      "flex": 1,
      "position": "relative",
    }
  }
  testID={undefined}
>
  <View
    accessibilityComponentType={undefined}
    accessibilityLabel={undefined}
    accessibilityTraits={undefined}
    accessible={true}
    hitSlop={undefined}
    nativeID={undefined}
    onLayout={undefined}
    onResponderGrant={[Function]}
    onResponderMove={[Function]}
    onResponderRelease={[Function]}
    onResponderTerminate={[Function]}
    onResponderTerminationRequest={[Function]}
    onStartShouldSetResponder={[Function]}
    style={
      Object {
        "alignItems": "center",
        "alignSelf": "flex-end",
        "flexDirection": "row",
        "marginRight": 16,
        "paddingTop": 32,
      }
    }
    testID={undefined}
  >
    <Text
      color="white"
      lineHeight={false}
    >
      Skip 
    </Text>
    <Icon
      color="white"
      name="ios-arrow-forward"
      size={18}
    />
  </View>
  <Text
    color="white"
    lineHeight={false}
    style={
      Object {
        "bottom": -1000,
        "left": 0,
        "position": "absolute",
      }
    }
    textAlign="left"
    weight="bold"
  >
    Shop the entire Build catalog
  </Text>
  <Image
    source={1}
    style={
      Object {
        "bottom": -1000,
        "left": 0,
        "position": "absolute",
      }
    }
  />
  <Text
    color="white"
    lineHeight={false}
    style={
      Object {
        "bottom": -1000,
        "left": 0,
        "position": "absolute",
      }
    }
    textAlign="right"
    weight="bold"
  >
    View your items in the cart and checkout with ease
  </Text>
  <Image
    source={1}
    style={
      Object {
        "bottom": -1000,
        "left": 0,
        "position": "absolute",
      }
    }
  />
</View>
`;
