// Jest Snapshot v1, https://goo.gl/fbAQLP

exports[`AtomComponent component should render correctly 1`] = `null`;

exports[`AtomComponent component should render correctly 2`] = `
<AtomText@1
  _type="atom-text@1.0"
/>
`;

exports[`AtomComponent component should render correctly 3`] = `
<AtomCloudinary@1
  _type="atom-cloudinary@1.0"
/>
`;

exports[`AtomComponent component should render correctly 4`] = `
<HeroMedia@1
  _type="hero-media@1.0"
/>
`;

exports[`AtomComponent component should render correctly 5`] = `
<AtomList@1
  _type="atom-list@1.0"
/>
`;

exports[`AtomComponent component should render correctly 6`] = `
<EditorialBlob@1
  _type="editorial-blob@1.0"
/>
`;

exports[`AtomComponent component should render correctly 7`] = `
<ContentAuthor@1
  _type="content-author@1.0"
/>
`;

exports[`AtomComponent component should render correctly 8`] = `
<SaleSection@1
  _type="sale-section@1.0"
/>
`;

exports[`AtomComponent component should render correctly 9`] = `
<NativeSaleSection@1
  _type="native-sale-section@1.0"
/>
`;

exports[`AtomComponent component should render correctly 10`] = `
<AtomGroupItemPicker@1
  _type="atom-group-item-picker@1.0"
/>
`;

exports[`AtomComponent component should render correctly 11`] = `
<AtomGroupItem@1
  _type="atom-group-item@1.0"
/>
`;

exports[`AtomComponent component should render correctly 12`] = `
<AtomLinkPicker@1
  _type="atom-link-picker@1.0"
/>
`;

exports[`AtomComponent component should render correctly 13`] = `
<AtomText@1
  _type="not-a-real-type@1.0"
  color="error"
  size="small"
  text="Unknown atom type: not-a-real-type@1.0"
/>
`;

exports[`AtomComponent component should render correctly 14`] = `
<EditorialSection@1
  _type="editorial-section@1.0"
/>
`;

exports[`AtomComponent component should render correctly 15`] = `
<AtomMultiselect@1
  _type="atom-multiselect@1.0"
/>
`;

exports[`AtomComponent component should render correctly 16`] = `
<NativePromo@1
  _type="native-promo@1.0"
/>
`;
