// Jest Snapshot v1, https://goo.gl/fbAQLP

exports[`CartRow component should hide quantity selector edit 1`] = `
<View
  style={
    Object {
      "backgroundColor": "#FFFFFF",
      "borderBottomWidth": 1,
      "borderColor": "#D0D3D4",
      "borderTopWidth": 1,
    }
  }
>
  <View
    accessibilityComponentType={undefined}
    accessibilityLabel={undefined}
    accessibilityTraits={undefined}
    accessible={true}
    hitSlop={undefined}
    nativeID={undefined}
    onLayout={undefined}
    onResponderGrant={[Function]}
    onResponderMove={[Function]}
    onResponderRelease={[Function]}
    onResponderTerminate={[Function]}
    onResponderTerminationRequest={[Function]}
    onStartShouldSetResponder={[Function]}
    style={undefined}
    testID={undefined}
  >
    <View
      style={
        Object {
          "flex": 1,
          "flexDirection": "row",
          "paddingHorizontal": 16,
          "paddingVertical": 8,
        }
      }
    >
      <Image
        height={95}
        onPress={[Function]}
        source="http://s2.img-b.com/imagebase/resized/330x320/deltaimages/delta-9159-ar-dst-196.jpg"
        width={95}
      />
      <View
        style={
          Object {
            "flex": 1,
            "justifyContent": "flex-start",
            "paddingLeft": 16,
          }
        }
      >
        <View
          accessibilityComponentType={undefined}
          accessibilityLabel={undefined}
          accessibilityTraits={undefined}
          accessible={true}
          hitSlop={undefined}
          isTVSelectable={true}
          nativeID={undefined}
          onLayout={undefined}
          onResponderGrant={[Function]}
          onResponderMove={[Function]}
          onResponderRelease={[Function]}
          onResponderTerminate={[Function]}
          onResponderTerminationRequest={[Function]}
          onStartShouldSetResponder={[Function]}
          style={
            Object {
              "opacity": 1,
            }
          }
          testID={undefined}
          tvParallaxProperties={undefined}
        >
          <Text
            weight="bold"
          >
            Delta 9159-DST
          </Text>
          <View>
            <Text>
              Color/Finish: 
              Arctic Stainless
            </Text>
          </View>
          <Text
            color="secondary"
            size="small"
          >
            685 In Stock - Leaves the Warehouse Tomorrow, May 30th
          </Text>
        </View>
        <PricedOptions
          options={Array []}
        />
        <View
          style={
            Object {
              "alignItems": "center",
              "flex": 1,
              "flexDirection": "row",
              "marginBottom": 8,
              "marginTop": 16,
            }
          }
        >
          <QuantitySelector
            id="1738979"
            onInputFocus={[Function]}
            onToggleSelectors={[Function]}
            onUpdateQuantity={[Function]}
            quantity={1}
            style={
              Object {
                "marginRight": 8,
                "width": 44,
              }
            }
          />
          <Text
            lineHeight={false}
            weight="bold"
          >
            @ 
            $351.19
          </Text>
        </View>
      </View>
    </View>
    <View
      style={
        Object {
          "alignItems": "center",
          "borderTopColor": "#D0D3D4",
          "borderTopWidth": 1,
          "flexDirection": "row",
          "justifyContent": "flex-end",
          "marginHorizontal": 8,
          "paddingHorizontal": 8,
          "paddingVertical": 8,
        }
      }
    >
      <Text
        lineHeight={false}
        size="small"
        style={
          Object {
            "marginRight": 8,
          }
        }
        weight="bold"
      >
        Item Total
      </Text>
      <Text
        color="primary"
        lineHeight={false}
        weight="bold"
      >
        $351.19
      </Text>
    </View>
  </View>
</View>
`;

exports[`CartRow component should render with default props 1`] = `
<View
  style={
    Object {
      "backgroundColor": "#FFFFFF",
      "borderBottomWidth": 1,
      "borderColor": "#D0D3D4",
      "borderTopWidth": 1,
    }
  }
>
  <View
    accessibilityComponentType={undefined}
    accessibilityLabel={undefined}
    accessibilityTraits={undefined}
    accessible={true}
    hitSlop={undefined}
    nativeID={undefined}
    onLayout={undefined}
    onResponderGrant={[Function]}
    onResponderMove={[Function]}
    onResponderRelease={[Function]}
    onResponderTerminate={[Function]}
    onResponderTerminationRequest={[Function]}
    onStartShouldSetResponder={[Function]}
    style={undefined}
    testID={undefined}
  >
    <View
      style={
        Object {
          "flex": 1,
          "flexDirection": "row",
          "paddingHorizontal": 16,
          "paddingVertical": 8,
        }
      }
    >
      <Image
        height={95}
        onPress={[Function]}
        source="http://s2.img-b.com/imagebase/resized/330x320/deltaimages/delta-9159-ar-dst-196.jpg"
        width={95}
      />
      <View
        style={
          Object {
            "flex": 1,
            "justifyContent": "flex-start",
            "paddingLeft": 16,
          }
        }
      >
        <View
          accessibilityComponentType={undefined}
          accessibilityLabel={undefined}
          accessibilityTraits={undefined}
          accessible={true}
          hitSlop={undefined}
          isTVSelectable={true}
          nativeID={undefined}
          onLayout={undefined}
          onResponderGrant={[Function]}
          onResponderMove={[Function]}
          onResponderRelease={[Function]}
          onResponderTerminate={[Function]}
          onResponderTerminationRequest={[Function]}
          onStartShouldSetResponder={[Function]}
          style={
            Object {
              "opacity": 1,
            }
          }
          testID={undefined}
          tvParallaxProperties={undefined}
        >
          <Text
            weight="bold"
          >
            Delta 9159-DST
          </Text>
          <View>
            <Text>
              Color/Finish: 
              Arctic Stainless
            </Text>
          </View>
          <Text
            color="secondary"
            size="small"
          >
            685 In Stock - Leaves the Warehouse Tomorrow, May 30th
          </Text>
        </View>
        <PricedOptions
          options={Array []}
        />
        <View
          style={
            Object {
              "alignItems": "center",
              "flex": 1,
              "flexDirection": "row",
              "marginBottom": 8,
              "marginTop": 16,
            }
          }
        >
          <QuantitySelector
            id="1738979"
            onInputFocus={[Function]}
            onToggleSelectors={[Function]}
            onUpdateQuantity={[Function]}
            quantity={1}
            style={
              Object {
                "marginRight": 8,
                "width": 44,
              }
            }
          />
          <Text
            lineHeight={false}
            weight="bold"
          >
            @ 
            $351.19
          </Text>
        </View>
      </View>
    </View>
    <View
      style={
        Object {
          "alignItems": "center",
          "borderTopColor": "#D0D3D4",
          "borderTopWidth": 1,
          "flexDirection": "row",
          "justifyContent": "flex-end",
          "marginHorizontal": 8,
          "paddingHorizontal": 8,
          "paddingVertical": 8,
        }
      }
    >
      <Text
        lineHeight={false}
        size="small"
        style={
          Object {
            "marginRight": 8,
          }
        }
        weight="bold"
      >
        Item Total
      </Text>
      <Text
        color="primary"
        lineHeight={false}
        weight="bold"
      >
        $351.19
      </Text>
    </View>
  </View>
</View>
`;

exports[`CartRow component should show quantity selector edit 1`] = `
<View
  style={
    Object {
      "backgroundColor": "#FFFFFF",
      "borderBottomWidth": 1,
      "borderColor": "#D0D3D4",
      "borderTopWidth": 1,
    }
  }
>
  <View
    accessibilityComponentType={undefined}
    accessibilityLabel={undefined}
    accessibilityTraits={undefined}
    accessible={true}
    hitSlop={undefined}
    nativeID={undefined}
    onLayout={undefined}
    onResponderGrant={[Function]}
    onResponderMove={[Function]}
    onResponderRelease={[Function]}
    onResponderTerminate={[Function]}
    onResponderTerminationRequest={[Function]}
    onStartShouldSetResponder={[Function]}
    style={undefined}
    testID={undefined}
  >
    <View
      style={
        Object {
          "flex": 1,
          "flexDirection": "row",
          "paddingHorizontal": 16,
          "paddingVertical": 8,
        }
      }
    >
      <Image
        height={95}
        onPress={[Function]}
        source="http://s2.img-b.com/imagebase/resized/330x320/deltaimages/delta-9159-ar-dst-196.jpg"
        width={95}
      />
      <View
        style={
          Object {
            "flex": 1,
            "justifyContent": "flex-start",
            "paddingLeft": 16,
          }
        }
      >
        <View
          accessibilityComponentType={undefined}
          accessibilityLabel={undefined}
          accessibilityTraits={undefined}
          accessible={true}
          hitSlop={undefined}
          isTVSelectable={true}
          nativeID={undefined}
          onLayout={undefined}
          onResponderGrant={[Function]}
          onResponderMove={[Function]}
          onResponderRelease={[Function]}
          onResponderTerminate={[Function]}
          onResponderTerminationRequest={[Function]}
          onStartShouldSetResponder={[Function]}
          style={
            Object {
              "opacity": 1,
            }
          }
          testID={undefined}
          tvParallaxProperties={undefined}
        >
          <Text
            weight="bold"
          >
            Delta 9159-DST
          </Text>
          <View>
            <Text>
              Color/Finish: 
              Arctic Stainless
            </Text>
          </View>
          <Text
            color="secondary"
            size="small"
          >
            685 In Stock - Leaves the Warehouse Tomorrow, May 30th
          </Text>
        </View>
        <PricedOptions
          options={Array []}
        />
        <View
          style={
            Object {
              "alignItems": "center",
              "flex": 1,
              "flexDirection": "row",
              "marginBottom": 8,
              "marginTop": 16,
            }
          }
        >
          <QuantitySelector
            id="1738979"
            onInputFocus={[Function]}
            onToggleSelectors={[Function]}
            onUpdateQuantity={[Function]}
            quantity={1}
            style={
              Object {
                "marginRight": 8,
                "width": 44,
              }
            }
          />
          <Text
            lineHeight={false}
            weight="bold"
          >
            @ 
            $351.19
          </Text>
        </View>
      </View>
    </View>
    <View
      style={
        Object {
          "alignItems": "center",
          "borderTopColor": "#D0D3D4",
          "borderTopWidth": 1,
          "flexDirection": "row",
          "justifyContent": "flex-end",
          "marginHorizontal": 8,
          "paddingHorizontal": 8,
          "paddingVertical": 8,
        }
      }
    >
      <Text
        lineHeight={false}
        size="small"
        style={
          Object {
            "marginRight": 8,
          }
        }
        weight="bold"
      >
        Item Total
      </Text>
      <Text
        color="primary"
        lineHeight={false}
        weight="bold"
      >
        $351.19
      </Text>
    </View>
  </View>
</View>
`;
